Round: 1
Accuracy: 34.36
----------------------------------------
Round: 2
Accuracy: 46.49
----------------------------------------
